1. Create github repository https://github.com/ShamilS/TDDByExample linked to Azure Pipelines CI/CD

2. Clone git repository 
>git clone https://github.com/ShamilS/TDDByExample.git
Cloning into 'TDDByExample'...
remote: Counting objects: 4, done.
remote: Compressing objects: 100% (4/4), done.
remote: Total 4 (delta 0), reused 0 (delta 0), pack-reused 0
Unpacking objects: 100% (4/4), done.

3. Renamed TDDByExample directory to TDDByExampleSolution

4. Checkout new git branch 'initialSolution'
>git checkout -b initialSolution
Switched to a new branch 'initialSolution'

5. List current git branches
>git branch
* initialSolution
  master

5. Create VS2017 blank solution 'TDDByExampleSolution'

6. Add .NET Core 2.x console project 'TDDByExample.Test.ConsoleApp'

7. Add .NET Core 2.x class library 'TDDByExample.MoneyBagCalculator'

8. Add .NET Core 2.x xUnit project 'TDDByExample.MoneyBagCalculator.XUnitTests'

9. Set project references:
   
   * TDDByExample.Test.ConsoleApp -> TDDByExample.MoneyBagCalculator
   * TDDByExample.MoneyBagCalculator.XUnitTests -> TDDByExample.MoneyBagCalculator.XUnitTests

10. Check git 'initialSolution' branch status
> git status
On branch initialSolution
Untracked files:
  (use "git add <file>..." to include in what will be committed)

        !Notes.txt
        .gitignore
        TDDByExample.MoneyBagCalculator.XUnitTests/
        TDDByExample.MoneyBagCalculator/
        TDDByExample.Test.ConsoleApp/
        TDDByExampleSolution.sln

nothing added to commit but untracked files present (use "git add" to track)

11. Stage new files, edited and deleted files
>git add -A

12. Check git 'initialSolution' branch status

>git status
On branch initialSolution
Changes to be committed:
  (use "git reset HEAD <file>..." to unstage)

        new file:   !Notes.txt
        new file:   .gitignore
        new file:   TDDByExample.MoneyBagCalculator.XUnitTests/TDDByExample.MoneyBagCalculator.XUnitTests.csproj
        new file:   TDDByExample.MoneyBagCalculator.XUnitTests/UnitTest1.cs
        new file:   TDDByExample.MoneyBagCalculator/Class1.cs
        new file:   TDDByExample.MoneyBagCalculator/TDDByExample.MoneyBagCalculator.csproj
        new file:   TDDByExample.Test.ConsoleApp/Program.cs
        new file:   TDDByExample.Test.ConsoleApp/TDDByExample.Test.ConsoleApp.csproj
        new file:   TDDByExampleSolution.sln

13. Commit 'initialSolution' branch

> git commit -m "Create Initial solution"
[initialSolution 915935e] Create Initial solution
 9 files changed, 382 insertions(+)
 create mode 100644 !Notes.txt
 create mode 100644 .gitignore
 create mode 100644 TDDByExample.MoneyBagCalculator.XUnitTests/TDDByExample.MoneyBagCalculator.XUnitTests.csproj
 create mode 100644 TDDByExample.MoneyBagCalculator.XUnitTests/UnitTest1.cs
 create mode 100644 TDDByExample.MoneyBagCalculator/Class1.cs
 create mode 100644 TDDByExample.MoneyBagCalculator/TDDByExample.MoneyBagCalculator.csproj
 create mode 100644 TDDByExample.Test.ConsoleApp/Program.cs
 create mode 100644 TDDByExample.Test.ConsoleApp/TDDByExample.Test.ConsoleApp.csproj
 create mode 100644 TDDByExampleSolution.sln

14. Push master branch

>git push -u origin master
Everything up-to-date
Branch 'master' set up to track remote branch 'master' from 'origin'.

15. Push 'initialSolution' branch
>git push -u --recurse-submodules=check --progress "origin" refs/heads/initialSolution:refs/heads/initialSolution
Enumerating objects: 15, done.
Delta compression using up to 8 threads
Total 14 (delta 2), reused 0 (delta 0)
remote: 
remote: Create a pull request for 'initialSolution' on GitHub by visiting:        
remote:      https://github.com/ShamilS/TDDByExample/pull/new/initialSolution        
remote: 
To https://github.com/ShamilS/TDDByExample.git
 * [new branch]      initialSolution -> initialSolution
Branch 'initialSolution' set up to track remote branch 'initialSolution' from 'origin'.
Done



16.
> git commit -m "Ready for the first merge with master'
[initialSolution 201a67a] Ready for the first merge with master'
 1 file changed, 59 insertions(+)

17.
> git add !Notes.txt

18.
> git commit -m "Ready for the first merge with master'
[initialSolution 2a4952b] Ready for the first merge with master'
 1 file changed, 1 deletion(-)

19.
>git checkout master
Switched to branch 'master'
Your branch is up to date with 'origin/master'.

20. Merge with 'master' branch
>git merge initialSolution
Updating 42d892b..2a4952b
Fast-forward
 !Notes.txt                                         | 108 ++++++++++
 .gitignore                                         | 218 +++++++++++++++++++++
 ...DByExample.MoneyBagCalculator.XUnitTests.csproj |  19 ++
 .../UnitTest1.cs                                   |  14 ++
 TDDByExample.MoneyBagCalculator/Class1.cs          |   8 +
 .../TDDByExample.MoneyBagCalculator.csproj         |   7 +
 TDDByExample.Test.ConsoleApp/Program.cs            |  12 ++
 .../TDDByExample.Test.ConsoleApp.csproj            |  12 ++
 TDDByExampleSolution.sln                           |  42 ++++
 9 files changed, 440 insertions(+)
 create mode 100644 !Notes.txt
 create mode 100644 .gitignore
 create mode 100644 TDDByExample.MoneyBagCalculator.XUnitTests/TDDByExample.MoneyBagCalculator.XUnitTests.csproj
 create mode 100644 TDDByExample.MoneyBagCalculator.XUnitTests/UnitTest1.cs
 create mode 100644 TDDByExample.MoneyBagCalculator/Class1.cs
 create mode 100644 TDDByExample.MoneyBagCalculator/TDDByExample.MoneyBagCalculator.csproj
 create mode 100644 TDDByExample.Test.ConsoleApp/Program.cs
 create mode 100644 TDDByExample.Test.ConsoleApp/TDDByExample.Test.ConsoleApp.csproj
 create mode 100644 TDDByExampleSolution.sln

21. Push to the remote repository
>git  push --recurse-submodules=check --progress "origin" refs/heads/master:refs/heads/master
Enumerating objects: 8, done.
Delta compression using up to 8 threads
Total 6 (delta 3), reused 0 (delta 0)
To https://github.com/ShamilS/TDDByExample.git
   42d892b..2a4952b  master -> master
Done

22.

Connected to Azure Pipelines on github. Created azure-pipelines.yml

23. Pull changes to the local copy

git pull --progress "origin" 
remote: Total 3 (delta 1), reused 0 (delta 0), pack-reused 0        
From https://github.com/ShamilS/TDDByExample
   2a4952b..be28858  master     -> origin/master
Updating 2a4952b..be28858
Fast-forward
 azure-pipelines.yml | 30 ++++++++++++++++++++++++++++++
 1 file changed, 30 insertions(+)
 create mode 100644 azure-pipelines.yml
Done

24.

>git reset --hard "be28858ee43f1b1399b0aa790b91198b45c9c5d8"
HEAD is now at be28858 Set up CI with Azure Pipelines
Done

25.

>git commit -F "S:\Projects\SMS\TDDByExampleSolution\.git\COMMITMESSAGE"
[master b678902] !Notes.txt edited
 1 file changed, 76 insertions(+)
Done

26.

>git push --recurse-submodules=check --progress "origin" refs/heads/master:refs/heads/master
Enumerating objects: 5, done.
Delta compression using up to 8 threads
Total 3 (delta 2), reused 0 (delta 0)
To https://github.com/ShamilS/TDDByExample.git
   be28858..b678902  master -> master
Done

27.

>git checkout -b chapter01

28. make edites to Class1.cs to have it running GREEN 

29. Commit and push changes to the remote repository

>git. push -u --recurse-submodules=check --progress "origin" refs/heads/chapter01:refs/heads/chapter01
Enumerating objects: 9, done.
Delta compression using up to 8 threads
Total 5 (delta 4), reused 0 (delta 0)
remote: 
remote: Create a pull request for 'chapter01' on GitHub by visiting:        
remote:      https://github.com/ShamilS/TDDByExample/pull/new/chapter01        
remote: 
To https://github.com/ShamilS/TDDByExample.git
 * [new branch]      chapter01 -> chapter01
Branch 'chapter01' set up to track remote branch 'chapter01' from 'origin'.
Done

30. Azure pipelines test failed

31. add ref to 

Microsoft.NET.Test.Sdk

